[2026-08-20T15:14:12.871Z] === Soak test realista contra wss://burako-server-gru.fly.dev (duración objetivo: 21.0 min) ===
[2026-08-20T15:14:16.829Z] login (A) = 1170.3ms
[2026-08-20T15:14:18.297Z] resumeSession (A) = 1468.0ms
[2026-08-20T15:14:22.212Z] 3 jugadores logueados: soakA_9f42caaf, soakB_0d06f2f5, soakC_54349416
[2026-08-20T15:14:24.678Z] los 3 en la sala 3AQQ
[2026-08-20T15:14:28.258Z] partida arrancada, fase playing
[2026-08-20T15:15:44.237Z] ronda 15 — 1.3/21.0 min — gameplayRTT p50=89ms p95=634ms — desconexiones=0 errores=0
[2026-08-20T15:17:27.799Z] ronda 30 — 3.0/21.0 min — gameplayRTT p50=127ms p95=4915ms — desconexiones=0 errores=8
[2026-08-20T15:18:36.077Z] ⚠ DESCONEXIÓN inesperada — soakC_54349416 (code=1006)
[2026-08-20T15:18:39.545Z] reconexión de soakC_54349416: OK en 2722ms
[2026-08-20T15:19:56.202Z] ⚠ DESCONEXIÓN inesperada — soakA_9f42caaf (code=1006)
[2026-08-20T15:20:34.988Z] ⚠ DESCONEXIÓN inesperada — soakB_0d06f2f5 (code=1006)
[2026-08-20T15:20:38.761Z] reconexión de soakC_54349416: OK en 1641ms
[2026-08-20T15:20:38.761Z] ronda 45 — 6.2/21.0 min — gameplayRTT p50=103ms p95=8044ms — desconexiones=3 errores=24
[2026-08-20T15:23:18.853Z] reconexión de soakC_54349416: OK en 1352ms
[2026-08-20T15:24:03.264Z] reconexión de soakC_54349416: OK en 2028ms
[2026-08-20T15:25:47.309Z] ronda 60 — 11.3/21.0 min — gameplayRTT p50=103ms p95=8044ms — desconexiones=3 errores=45
[2026-08-20T15:26:31.280Z] reconexión de soakC_54349416: OK en 1642ms
[2026-08-20T15:27:33.692Z] reconexión de soakC_54349416: OK en 1438ms
[2026-08-20T15:28:17.562Z] reconexión de soakC_54349416: OK en 1656ms
[2026-08-20T15:30:46.317Z] ronda 75 — 16.3/21.0 min — gameplayRTT p50=103ms p95=8044ms — desconexiones=3 errores=65
[2026-08-20T15:35:31.475Z] Duración de gameplay cumplida (89 rondas). Cerrando la partida...
❌ Error fatal en el soak test: Error: timeout esperando matcher
    at Timeout._onTimeout (file:///C:/Users/wilrodriguez/Desktop/Proyecto/burako-final/server/scripts/soak-test-fly.mjs:51:14)
    at listOnTimeout (node:internal/timers:635:17)
    at process.processTimers (node:internal/timers:571:7)

[exited with code 0]
